$ node /home/ailton/Work/riptide/riptide/cli/dist/src/index.js sim run .riptide/sim --flows 12 --out .riptide/sim/artifacts/eval-sweep
  sweep collateral_price_drop_bps over 7 value(s) x 4 seed(s)
warning: constant `STATUS_ACCEPTED` is never used
  --> src/flows.rs:94:7
   |
94 | const STATUS_ACCEPTED: u8 = 1;
   |       ^^^^^^^^^^^^^^^
   |
   = note: `#[warn(dead_code)]` (part of `#[warn(unused)]`) on by default

warning: constant `STATUS_ACCEPTED_PUB` is never used
   --> src/flows.rs:757:11
    |
757 | pub const STATUS_ACCEPTED_PUB: u8 = STATUS_ACCEPTED;
    |           ^^^^^^^^^^^^^^^^^^^

riptide sim iteration=0 seed=5252525252525252525252525252525252525252525252525252525252525252
riptide sim agio collateral_price_drop_bps=0
riptide sim iteration=1 seed=5252525252525252525252525252525252525252525252525352525252525252
riptide sim agio collateral_price_drop_bps=0
riptide sim iteration=2 seed=5252525252525252525252525252525252525252525252525052525252525252
riptide sim agio collateral_price_drop_bps=0
riptide sim iteration=3 seed=5252525252525252525252525252525252525252525252525152525252525252
riptide sim agio collateral_price_drop_bps=0
riptide sim iteration=4 seed=5252525252525252525252525252525252525252525252525652525252525252
riptide sim agio collateral_price_drop_bps=1000
riptide sim iteration=5 seed=5252525252525252525252525252525252525252525252525752525252525252
riptide sim agio collateral_price_drop_bps=1000
riptide sim iteration=6 seed=5252525252525252525252525252525252525252525252525452525252525252
riptide sim agio collateral_price_drop_bps=1000
riptide sim iteration=7 seed=5252525252525252525252525252525252525252525252525552525252525252
riptide sim agio collateral_price_drop_bps=1000
riptide sim iteration=8 seed=5252525252525252525252525252525252525252525252525a52525252525252
riptide sim agio collateral_price_drop_bps=2000
riptide sim iteration=9 seed=5252525252525252525252525252525252525252525252525b52525252525252
riptide sim agio collateral_price_drop_bps=2000
riptide sim iteration=10 seed=5252525252525252525252525252525252525252525252525852525252525252
riptide sim agio collateral_price_drop_bps=2000
riptide sim iteration=11 seed=5252525252525252525252525252525252525252525252525952525252525252
riptide sim agio collateral_price_drop_bps=2000
riptide sim iteration=12 seed=5252525252525252525252525252525252525252525252525e52525252525252
riptide sim agio collateral_price_drop_bps=3000
riptide sim iteration=13 seed=5252525252525252525252525252525252525252525252525f52525252525252
riptide sim agio collateral_price_drop_bps=3000
riptide sim iteration=14 seed=5252525252525252525252525252525252525252525252525c52525252525252
riptide sim agio collateral_price_drop_bps=3000
riptide sim iteration=15 seed=5252525252525252525252525252525252525252525252525d52525252525252
riptide sim agio collateral_price_drop_bps=3000
riptide sim iteration=16 seed=5252525252525252525252525252525252525252525252524252525252525252
riptide sim agio collateral_price_drop_bps=4000
riptide sim iteration=17 seed=5252525252525252525252525252525252525252525252524352525252525252
riptide sim agio collateral_price_drop_bps=4000
riptide sim iteration=18 seed=5252525252525252525252525252525252525252525252524052525252525252
riptide sim agio collateral_price_drop_bps=4000
riptide sim iteration=19 seed=5252525252525252525252525252525252525252525252524152525252525252
riptide sim agio collateral_price_drop_bps=4000
riptide sim iteration=20 seed=5252525252525252525252525252525252525252525252524652525252525252
riptide sim agio collateral_price_drop_bps=5000
riptide sim iteration=21 seed=5252525252525252525252525252525252525252525252524752525252525252
riptide sim agio collateral_price_drop_bps=5000
riptide sim iteration=22 seed=5252525252525252525252525252525252525252525252524452525252525252
riptide sim agio collateral_price_drop_bps=5000
riptide sim iteration=23 seed=5252525252525252525252525252525252525252525252524552525252525252
riptide sim agio collateral_price_drop_bps=5000
riptide sim iteration=24 seed=5252525252525252525252525252525252525252525252524a52525252525252
riptide sim agio collateral_price_drop_bps=6000
riptide sim iteration=25 seed=5252525252525252525252525252525252525252525252524b52525252525252
riptide sim agio collateral_price_drop_bps=6000
riptide sim iteration=26 seed=5252525252525252525252525252525252525252525252524852525252525252
riptide sim agio collateral_price_drop_bps=6000
riptide sim iteration=27 seed=5252525252525252525252525252525252525252525252524952525252525252
riptide sim agio collateral_price_drop_bps=6000

$ node /home/ailton/Work/riptide/riptide/cli/dist/src/index.js sim surface .riptide/sim/artifacts/eval-sweep --sim .riptide/sim --out .riptide/eval-assess
riptide sim surface: wrote cartography artifacts to /home/ailton/Work/riptide/case-studies/agio/program/.riptide/eval-assess
  campaign-summary.json (id guided-sim-e9b6b620cc6fd896)
  risk-surface.json
  retention-manifest.json
  execution-honesty gates: pass
    ✓ positive_control: positive control collateral_price_drop_bps=0 passed across 4 iteration(s).
    ✓ lifecycle_executed: all 3 declared lifecycle flow(s) executed on-chain.
    ✓ determinism: surface hash recorded for re-verification (sha256 de748996f19bb373…).
  next: riptide assess .riptide/eval-assess

$ node /home/ailton/Work/riptide/riptide/cli/dist/src/index.js assess .riptide/eval-assess --brief --input .riptide/assessment-input.json --protocol-name Agio Network --out /tmp/s50-agio-a
RIPTIDE
Riptide v0.11.0
Deterministic Solana simulation evidence.

Assessment generated: Agio Network

Result
  Verdict: ready_to_send (declared)
  Runs: 28/28 completed, 12 invariant-failed (42.8571%)
  Risk surface: 7/7 cells populated, worst cell 100%, most sensitive `collateral_price_drop_bps`
  Safe region: bounded region at or under 5%
  Execution honesty: pass
    ✓ positive_control
    ✓ lifecycle_executed
    ✓ determinism

Artifacts
  Assessment: /tmp/s50-agio-a/assessment.json
  Report: /tmp/s50-agio-a/assessment.md
  Brief: /tmp/s50-agio-a/brief.html
  Brief PDF: /tmp/s50-agio-a/brief.pdf

Hashes
  Assessment digest: 5706f69e8702450482dec8c7aabfa77fe1089c172e58477d57c796279a331b10
  Campaign digest: e9b6b620cc6fd89696689574827a14397a486cc689996042b16c4896dfd28e73
  risk-surface.json sha256: de748996f19bb373ef7afb03152cac0880456b37dd40f59d964271e6a5eec8fa

Next
  riptide review .riptide/eval-assess

Boundary
  Simulation evidence over the campaign's declared, fixed-seed region — not audit signoff, formal verification, complete protocol safety, or a mainnet prediction.


$ node /home/ailton/Work/riptide/riptide/cli/dist/src/index.js assess .riptide/eval-assess --brief --input .riptide/assessment-input.json --protocol-name Agio Network --out /tmp/s50-agio-b
RIPTIDE
Riptide v0.11.0
Deterministic Solana simulation evidence.

Assessment generated: Agio Network

Result
  Verdict: ready_to_send (declared)
  Runs: 28/28 completed, 12 invariant-failed (42.8571%)
  Risk surface: 7/7 cells populated, worst cell 100%, most sensitive `collateral_price_drop_bps`
  Safe region: bounded region at or under 5%
  Execution honesty: pass
    ✓ positive_control
    ✓ lifecycle_executed
    ✓ determinism

Artifacts
  Assessment: /tmp/s50-agio-b/assessment.json
  Report: /tmp/s50-agio-b/assessment.md
  Brief: /tmp/s50-agio-b/brief.html
  Brief PDF: /tmp/s50-agio-b/brief.pdf

Hashes
  Assessment digest: 5706f69e8702450482dec8c7aabfa77fe1089c172e58477d57c796279a331b10
  Campaign digest: e9b6b620cc6fd89696689574827a14397a486cc689996042b16c4896dfd28e73
  risk-surface.json sha256: de748996f19bb373ef7afb03152cac0880456b37dd40f59d964271e6a5eec8fa

Next
  riptide review .riptide/eval-assess

Boundary
  Simulation evidence over the campaign's declared, fixed-seed region — not audit signoff, formal verification, complete protocol safety, or a mainnet prediction.


$ sha256sum /tmp/s50-agio-a/brief.html /tmp/s50-agio-b/brief.html
ed15d450a568be423ead6eaaa72d1261a03512639eb6cfbe65c3711ee95bfb77  /tmp/s50-agio-a/brief.html
ed15d450a568be423ead6eaaa72d1261a03512639eb6cfbe65c3711ee95bfb77  /tmp/s50-agio-b/brief.html

$ pdfinfo /tmp/s50-agio-a/brief.pdf | grep Pages
Pages:           1

$ rg -n sections /tmp/s50-agio-a/brief.html
37:<h2><span class="n">1</span>What we did</h2>
44:<h2><span class="n">2</span>What we found</h2>
49:<h2><span class="n">3</span>What to do</h2>
53:<h2><span class="n">4</span>Scope &amp; limits</h2>
61:<h2><span class="n">5</span>Reproduce</h2>

$ grep -cE knob-phrasing /tmp/s50-agio-a/brief.html /tmp/s50-agio-a/assessment.md
/tmp/s50-agio-a/brief.html:0
/tmp/s50-agio-a/assessment.md:0
