$ node /home/ailton/Work/riptide/riptide/cli/dist/src/index.js sim run .riptide/sim --flows 12 --out .riptide/sim/artifacts/eval-sweep
  sweep nav_markdown_bps over 7 value(s) x 4 seed(s)
warning: function `vault_balance` is never used
   --> src/flows.rs:709:8
    |
709 | pub fn vault_balance(sim: &Simulation) -> u64 {
    |        ^^^^^^^^^^^^^
    |
    = note: `#[warn(dead_code)]` (part of `#[warn(unused)]`) on by default

riptide sim iteration=0 seed=5252525252525252525252525252525252525252525252525252525252525252
riptide sim defunds nav_markdown_bps=0
riptide sim iteration=1 seed=5252525252525252525252525252525252525252525252525352525252525252
riptide sim defunds nav_markdown_bps=0
riptide sim iteration=2 seed=5252525252525252525252525252525252525252525252525052525252525252
riptide sim defunds nav_markdown_bps=0
riptide sim iteration=3 seed=5252525252525252525252525252525252525252525252525152525252525252
riptide sim defunds nav_markdown_bps=0
riptide sim iteration=4 seed=5252525252525252525252525252525252525252525252525652525252525252
riptide sim defunds nav_markdown_bps=500
riptide sim iteration=5 seed=5252525252525252525252525252525252525252525252525752525252525252
riptide sim defunds nav_markdown_bps=500
riptide sim iteration=6 seed=5252525252525252525252525252525252525252525252525452525252525252
riptide sim defunds nav_markdown_bps=500
riptide sim iteration=7 seed=5252525252525252525252525252525252525252525252525552525252525252
riptide sim defunds nav_markdown_bps=500
riptide sim iteration=8 seed=5252525252525252525252525252525252525252525252525a52525252525252
riptide sim defunds nav_markdown_bps=1000
riptide sim iteration=9 seed=5252525252525252525252525252525252525252525252525b52525252525252
riptide sim defunds nav_markdown_bps=1000
riptide sim iteration=10 seed=5252525252525252525252525252525252525252525252525852525252525252
riptide sim defunds nav_markdown_bps=1000
riptide sim iteration=11 seed=5252525252525252525252525252525252525252525252525952525252525252
riptide sim defunds nav_markdown_bps=1000
riptide sim iteration=12 seed=5252525252525252525252525252525252525252525252525e52525252525252
riptide sim defunds nav_markdown_bps=2000
riptide sim iteration=13 seed=5252525252525252525252525252525252525252525252525f52525252525252
riptide sim defunds nav_markdown_bps=2000
riptide sim iteration=14 seed=5252525252525252525252525252525252525252525252525c52525252525252
riptide sim defunds nav_markdown_bps=2000
riptide sim iteration=15 seed=5252525252525252525252525252525252525252525252525d52525252525252
riptide sim defunds nav_markdown_bps=2000
riptide sim iteration=16 seed=5252525252525252525252525252525252525252525252524252525252525252
riptide sim defunds nav_markdown_bps=3000
riptide sim iteration=17 seed=5252525252525252525252525252525252525252525252524352525252525252
riptide sim defunds nav_markdown_bps=3000
riptide sim iteration=18 seed=5252525252525252525252525252525252525252525252524052525252525252
riptide sim defunds nav_markdown_bps=3000
riptide sim iteration=19 seed=5252525252525252525252525252525252525252525252524152525252525252
riptide sim defunds nav_markdown_bps=3000
riptide sim iteration=20 seed=5252525252525252525252525252525252525252525252524652525252525252
riptide sim defunds nav_markdown_bps=4000
riptide sim iteration=21 seed=5252525252525252525252525252525252525252525252524752525252525252
riptide sim defunds nav_markdown_bps=4000
riptide sim iteration=22 seed=5252525252525252525252525252525252525252525252524452525252525252
riptide sim defunds nav_markdown_bps=4000
riptide sim iteration=23 seed=5252525252525252525252525252525252525252525252524552525252525252
riptide sim defunds nav_markdown_bps=4000
riptide sim iteration=24 seed=5252525252525252525252525252525252525252525252524a52525252525252
riptide sim defunds nav_markdown_bps=5000
riptide sim iteration=25 seed=5252525252525252525252525252525252525252525252524b52525252525252
riptide sim defunds nav_markdown_bps=5000
riptide sim iteration=26 seed=5252525252525252525252525252525252525252525252524852525252525252
riptide sim defunds nav_markdown_bps=5000
riptide sim iteration=27 seed=5252525252525252525252525252525252525252525252524952525252525252
riptide sim defunds nav_markdown_bps=5000

$ node /home/ailton/Work/riptide/riptide/cli/dist/src/index.js sim surface .riptide/sim/artifacts/eval-sweep --sim .riptide/sim --out .riptide/eval-assess
riptide sim surface: wrote cartography artifacts to /home/ailton/Work/riptide/case-studies/defunds/.riptide/eval-assess
  campaign-summary.json (id guided-sim-ef1c9a79e2556af9)
  risk-surface.json
  retention-manifest.json
  execution-honesty gates: pass
    ✓ positive_control: positive control nav_markdown_bps=0 passed across 4 iteration(s).
    ✓ lifecycle_executed: all 9 declared lifecycle flow(s) executed on-chain.
    ✓ determinism: surface hash recorded for re-verification (sha256 cb9bc99c579fd454…).
  next: riptide assess .riptide/eval-assess

$ node /home/ailton/Work/riptide/riptide/cli/dist/src/index.js assess .riptide/eval-assess --brief --input .riptide/assessment-input.json --protocol-name Defunds --out /tmp/s50-defunds-a
RIPTIDE
Riptide v0.11.0
Deterministic Solana simulation evidence.

Assessment generated: Defunds

Result
  Verdict: ready_to_send (declared)
  Runs: 28/28 completed, 0 invariant-failed (0%)
  Risk surface: 7/7 cells populated, worst cell 0%, most sensitive `nav_markdown_bps`
  Safe region: entire declared region at or under 5%
  Execution honesty: pass
    ✓ positive_control
    ✓ lifecycle_executed
    ✓ determinism

Artifacts
  Assessment: /tmp/s50-defunds-a/assessment.json
  Report: /tmp/s50-defunds-a/assessment.md
  Brief: /tmp/s50-defunds-a/brief.html
  Brief PDF: /tmp/s50-defunds-a/brief.pdf

Hashes
  Assessment digest: ad08a83e78c02721948501c07aa42f84188e9d2b46fab4968f3a0f62eb79b55d
  Campaign digest: ef1c9a79e2556af9539d02ddf22ba2da8a6a99f76eff2fed6c77f8fdf11d295e
  risk-surface.json sha256: cb9bc99c579fd454bc7097a3b4f4e172b373351fb25286229cd64fc79161f629

Next
  riptide review .riptide/eval-assess

Boundary
  Simulation evidence over the campaign's declared, fixed-seed region — not audit signoff, formal verification, complete protocol safety, or a mainnet prediction.


$ node /home/ailton/Work/riptide/riptide/cli/dist/src/index.js assess .riptide/eval-assess --brief --input .riptide/assessment-input.json --protocol-name Defunds --out /tmp/s50-defunds-b
RIPTIDE
Riptide v0.11.0
Deterministic Solana simulation evidence.

Assessment generated: Defunds

Result
  Verdict: ready_to_send (declared)
  Runs: 28/28 completed, 0 invariant-failed (0%)
  Risk surface: 7/7 cells populated, worst cell 0%, most sensitive `nav_markdown_bps`
  Safe region: entire declared region at or under 5%
  Execution honesty: pass
    ✓ positive_control
    ✓ lifecycle_executed
    ✓ determinism

Artifacts
  Assessment: /tmp/s50-defunds-b/assessment.json
  Report: /tmp/s50-defunds-b/assessment.md
  Brief: /tmp/s50-defunds-b/brief.html
  Brief PDF: /tmp/s50-defunds-b/brief.pdf

Hashes
  Assessment digest: ad08a83e78c02721948501c07aa42f84188e9d2b46fab4968f3a0f62eb79b55d
  Campaign digest: ef1c9a79e2556af9539d02ddf22ba2da8a6a99f76eff2fed6c77f8fdf11d295e
  risk-surface.json sha256: cb9bc99c579fd454bc7097a3b4f4e172b373351fb25286229cd64fc79161f629

Next
  riptide review .riptide/eval-assess

Boundary
  Simulation evidence over the campaign's declared, fixed-seed region — not audit signoff, formal verification, complete protocol safety, or a mainnet prediction.


$ sha256sum /tmp/s50-defunds-a/brief.html /tmp/s50-defunds-b/brief.html
f5ad71a4a8c973c3f55d747d335a7932af4bf78458b400c8d18f1335d61012ca  /tmp/s50-defunds-a/brief.html
f5ad71a4a8c973c3f55d747d335a7932af4bf78458b400c8d18f1335d61012ca  /tmp/s50-defunds-b/brief.html

$ pdfinfo /tmp/s50-defunds-a/brief.pdf | grep Pages
Pages:           1

$ rg -n sections /tmp/s50-defunds-a/brief.html
37:<h2><span class="n">1</span>What we did</h2>
44:<h2><span class="n">2</span>What we found</h2>
48:<h2><span class="n">3</span>What to do</h2>
52:<h2><span class="n">4</span>Scope &amp; limits</h2>
60:<h2><span class="n">5</span>Reproduce</h2>

$ grep -cE knob-phrasing /tmp/s50-defunds-a/brief.html /tmp/s50-defunds-a/assessment.md
/tmp/s50-defunds-a/brief.html:0
/tmp/s50-defunds-a/assessment.md:0
