===perps scratch===
>>> perps scratch run: agents=20 ticks=30 seed=42 personas=leveraged-long leveraged-short delta-neutral-farmer liquidator funding-arbitrageur
    run A: 1518bcfdeb6cdb7d538be86584195b4b348b73beed610003d4a35939994f1878
    run B: 1518bcfdeb6cdb7d538be86584195b4b348b73beed610003d4a35939994f1878
>>> OK — perps scratch scenario is deterministic across two replays
    hash: 1518bcfdeb6cdb7d538be86584195b4b348b73beed610003d4a35939994f1878
===amm scratch===
>>> amm scratch run: agents=20 ticks=30 seed=42 personas=lp-provider arbitrageur sandwich-attacker swapper rug-puller
    run A: 5de060cdcacfbacaa598a387a9f249e7633fedac449f137d62c0ede9cf10624f
    run B: 5de060cdcacfbacaa598a387a9f249e7633fedac449f137d62c0ede9cf10624f
>>> OK — amm scratch scenario is deterministic across two replays
    hash: 5de060cdcacfbacaa598a387a9f249e7633fedac449f137d62c0ede9cf10624f
===lending replay===
riptide replay: adapter=/home/ailton/Work/riptide/riptide/fixtures/replays/lending-whale-bad-debt/adapter.toml trajectory=/home/ailton/Work/riptide/riptide/fixtures/replays/lending-whale-bad-debt
riptide-engine replay: adapter=/home/ailton/Work/riptide/riptide/fixtures/replays/lending-whale-bad-debt/adapter.toml trajectory=/home/ailton/Work/riptide/riptide/fixtures/replays/lending-whale-bad-debt actors=10 ticks=4
wrote /tmp/riptide-replay-wBtmql/simulation-result.json
riptide-engine: 1 invariant violation(s) recorded; --allow-invariant-violations restores exit 0
Riptide Simulation Summary
Scenario: replay:lending-whale-bad-debt
Agents: 10 | Ticks: 4 | Seed: 0
Final TVL: 500.00
Final Utilization: 0.00
Bad Debt: 3600.00
Largest Drawdown: 0.1667
Agent Status Counts: active=10, liquidated=0, depleted=0
Invariants:
  - no_bad_debt: bad_debt == 0 (1×)
Simulation Boundaries:
- Replay mode bypasses persona compilation and dispatches a declared instruction trajectory directly.
- Trajectory args are supplied inline per event; generic adapters may still fall back to adapter literals for unmapped constants.
- initial-state.json, when present, is applied as a pre-tick bootstrap instruction list before tick 0 is recorded.
- Agent balance/PnL fields are bookkeeping-only in replay mode; authoritative outputs are primitive snapshots, events, and invariant rollups.

T4 otc-liquidator-0 (otc-liquidator-0) liquidate success
T4 otc-liquidator-1 (otc-liquidator-1) liquidate success
T4 otc-liquidator-2 (otc-liquidator-2) liquidate success
T4 otc-liquidator-3 (otc-liquidator-3) liquidate success
T4 otc-liquidator-4 (otc-liquidator-4) liquidate success
T4 invariant (__engine__) invariant_violation:no_bad_debt failed
Wrote artifact: /home/ailton/Work/riptide/riptide/fixtures/replays/lending-whale-bad-debt/riptide-output/replays/lending-whale-bad-debt/simulation-result.json
Wrote report:   /home/ailton/Work/riptide/riptide/fixtures/replays/lending-whale-bad-debt/riptide-output/replays/lending-whale-bad-debt/report.md
wrote pack: /home/ailton/Work/riptide/riptide/fixtures/replays/lending-whale-bad-debt/.riptide/pack/replay-lending-whale-bad-debt (run-id=replay-lending-whale-bad-debt, canonical-hash=6c59db5ebf916c8cc068c8fea8727d4edf26d244f288f6dadd7e9ae47d16c4a1)
Wrote pack:     /home/ailton/Work/riptide/riptide/fixtures/replays/lending-whale-bad-debt/.riptide/pack/replay-lending-whale-bad-debt
